(body_lang.en: "country") OR (body_lang.en: "camping") OR (body_lang.en: "prefer") OR (body_lang.en: "perfect") OR (body_lang.en: "your") OR (body_lang.en: "experience") OR (body_lang.en: "offer") OR (body_lang.en: "view") OR (body_lang.en: "hook") OR (body_lang.en: "whether") OR (body_lang.en: "find") OR (body_lang.en: "than") OR (body_lang.en: "west") OR (body_lang.en: "879") OR (body_lang.en: "pitch") OR (body_lang.en: "up") OR (body_lang.en: "you") OR (body_lang.en: "imagine") OR (body_lang.en: "linking") OR (body_lang.en: "please") OR (body_lang.en: "click") OR (body_lang.en: "whatever") OR (body_lang.en: "camp") OR (body_lang.en: "1") OR (body_lang.en: "selection") OR (body_lang.en: "spot") OR (body_lang.en: "wilderness") OR (body_lang.en: "800") OR (body_lang.en: "name") OR (body_lang.en: "know") OR (body_lang.en: "looking") OR (body_lang.en: "full") OR (body_lang.en: "browse") OR (body_lang.en: "here") OR (body_lang.en: "tent") OR (body_lang.en: "amenities") OR (body_lang.en: "request") OR (body_lang.en: "campgrounds") OR (body_lang.en: "rv") OR (body_lang.en: "our") OR (body_lang.en: "we") OR (body_lang.en: "gold") OR (body_lang.en: "can") OR (body_lang.en: "listings") OR (body_lang.en: "1159") OR (body_lang.en: "have") OR (body_lang.en: "montana") OR (body_lang.en: "vacation") OR (body_lang.en: "free") OR (body_lang.en: "event") OR (body_lang.en: "make") OR (body_lang.en: "hand") OR (body_lang.en: "solitude") OR (body_lang.en: "website") OR (body_lang.en: "business") OR (body_lang.en: "more") OR (body_lang.en: "go") OR (body_lang.en: "call") OR (body_lang.en: "site") OR (body_lang.en: "online") OR (body_lang.en: "information") OR (body_lang.en: "travel")