(body_lang.en: "world") OR (body_lang.en: "hello")