(body_lang.en: "prey") OR (body_lang.en: "been") OR (body_lang.en: "bad") OR (body_lang.en: "don't") OR (body_lang.en: "about") OR (body_lang.en: "saxophone") OR (body_lang.en: "registered") OR (body_lang.en: "fighting") OR (body_lang.en: "skills") OR (body_lang.en: "password") OR (body_lang.en: "month's") OR (body_lang.en: "because") OR (body_lang.en: "publishing") OR (body_lang.en: "recent") OR (body_lang.en: "you") OR (body_lang.en: "addition") OR (body_lang.en: "breaking") OR (body_lang.en: "cares") OR (body_lang.en: "want") OR (body_lang.en: "personal") OR (body_lang.en: "al") OR (body_lang.en: "4,255") OR (body_lang.en: "community") OR (body_lang.en: "eye") OR (body_lang.en: "appreciators") OR (body_lang.en: "wanted") OR (body_lang.en: "much") OR (body_lang.en: "20") OR (body_lang.en: "hasn't") OR (body_lang.en: "achieve") OR (body_lang.en: "lone") OR (body_lang.en: "cuz") OR (body_lang.en: "hot") OR (body_lang.en: "fixes") OR (body_lang.en: "long") OR (body_lang.en: "realising") OR (body_lang.en: "worth") OR (body_lang.en: "serving") OR (body_lang.en: "pieces") OR (body_lang.en: "same") OR (body_lang.en: "artists") OR (body_lang.en: "taken") OR (body_lang.en: "free") OR (body_lang.en: "so") OR (body_lang.en: "hand") OR (body_lang.en: "giveaway") OR (body_lang.en: "policy") OR (body_lang.en: "art") OR (body_lang.en: "storm") OR (body_lang.en: "wolf") OR (body_lang.en: "one") OR (body_lang.en: "i") OR (body_lang.en: "nest") OR (body_lang.en: "tour") OR (body_lang.en: "releases") OR (body_lang.en: "awesome") OR (body_lang.en: "bug") OR (body_lang.en: "watch") OR (body_lang.en: "days") OR (body_lang.en: "deviants") OR (body_lang.en: "majorgeneralwhiskers") OR (body_lang.en: "story") OR (body_lang.en: "through") OR (body_lang.en: "won't") OR (body_lang.en: "strength") OR (body_lang.en: "deviousness") OR (body_lang.en: "uprising") OR (body_lang.en: "official") OR (body_lang.en: "rules") OR (body_lang.en: "deviant") OR (body_lang.en: "do") OR (body_lang.en: "good") OR (body_lang.en: "amazing") OR (body_lang.en: "bird") OR (body_lang.en: "contact") OR (body_lang.en: "talk") OR (body_lang.en: "up") OR (body_lang.en: "50") OR (body_lang.en: "has") OR (body_lang.en: "us") OR (body_lang.en: "which") OR (body_lang.en: "image") OR (body_lang.en: "making") OR (body_lang.en: "deviantart") OR (body_lang.en: "last") OR (body_lang.en: "paw") OR (body_lang.en: "felt") OR (body_lang.en: "its") OR (body_lang.en: "gather") OR (body_lang.en: "list") OR (body_lang.en: "look") OR (body_lang.en: "take") OR (body_lang.en: "she") OR (body_lang.en: "piece") OR (body_lang.en: "gorgeous") OR (body_lang.en: "bandwagon") OR (body_lang.en: "supposed") OR (body_lang.en: "name") OR (body_lang.en: "guys") OR (body_lang.en: "final") OR (body_lang.en: "full") OR (body_lang.en: "little") OR (body_lang.en: "impossible") OR (body_lang.en: "changes") OR (body_lang.en: "2012") OR (body_lang.en: "update") OR (body_lang.en: "privacy") OR (body_lang.en: "effort") OR (body_lang.en: "updates") OR (body_lang.en: "we") OR (body_lang.en: "yup") OR (body_lang.en: "now") OR (body_lang.en: "nurtured") OR (body_lang.en: "he's") OR (body_lang.en: "just") OR (body_lang.en: "over") OR (body_lang.en: "news") OR (body_lang.en: "feline") OR (body_lang.en: "victory") OR (body_lang.en: "xd") OR (body_lang.en: "kept") OR (body_lang.en: "way") OR (body_lang.en: "mouth") OR (body_lang.en: "service") OR (body_lang.en: "baby") OR (body_lang.en: "recipient") OR (body_lang.en: "well") OR (body_lang.en: "iron") OR (body_lang.en: "comment") OR (body_lang.en: "time") OR (body_lang.en: "showing") OR (body_lang.en: "he") OR (body_lang.en: "advertise") OR (body_lang.en: "taking") OR (body_lang.en: "leader") OR (body_lang.en: "copyright") OR (body_lang.en: "developers") OR (body_lang.en: "hq") OR (body_lang.en: "hope") OR (body_lang.en: "when") OR (body_lang.en: "april") OR (body_lang.en: "197") OR (body_lang.en: "thanks") OR (body_lang.en: "feedback") OR (body_lang.en: "her") OR (body_lang.en: "terms") OR (body_lang.en: "lost") OR (body_lang.en: "else") OR (body_lang.en: "deviously") OR (body_lang.en: "faq") OR (body_lang.en: "action") OR (body_lang.en: "join") OR (body_lang.en: "proudly") OR (body_lang.en: "hey") OR (body_lang.en: "sky") OR (body_lang.en: "give") OR (body_lang.en: "still") OR (body_lang.en: "vain") OR (body_lang.en: "being") OR (body_lang.en: "wanna") OR (body_lang.en: "dsimple") OR (body_lang.en: "knowing") OR (body_lang.en: "million") OR (body_lang.en: "wait") OR (body_lang.en: "brought") OR (body_lang.en: "unwavering") OR (body_lang.en: "serves") OR (body_lang.en: "skin") OR (body_lang.en: "enjoy") OR (body_lang.en: "our") OR (body_lang.en: "i'm") OR (body_lang.en: "valid") OR (body_lang.en: "premium") OR (body_lang.en: "feature") OR (body_lang.en: "soaring") OR (body_lang.en: "get") OR (body_lang.en: "have") OR (body_lang.en: "share") OR (body_lang.en: "fuss") OR (body_lang.en: "informed") OR (body_lang.en: "product") OR (body_lang.en: "particularly") OR (body_lang.en: "more") OR (body_lang.en: "happenings") OR (body_lang.en: "blown") OR (body_lang.en: "off") OR (body_lang.en: "help") OR (body_lang.en: "site") OR (body_lang.en: "etiquette") OR (body_lang.en: "ll") OR (body_lang.en: "fur") OR (body_lang.en: "luck") OR (body_lang.en: "prefer") OR (body_lang.en: "own") OR (body_lang.en: "feel") OR (body_lang.en: "experience") OR (body_lang.en: "blog") OR (body_lang.en: "points") OR (body_lang.en: "protocol") OR (body_lang.en: "his") OR (body_lang.en: "continuous") OR (body_lang.en: "members") OR (body_lang.en: "pipe") OR (body_lang.en: "from") OR (body_lang.en: "strives") OR (body_lang.en: "all") OR (body_lang.en: "new") OR (body_lang.en: "read") OR (body_lang.en: "below") OR (body_lang.en: "everyone") OR (body_lang.en: "it's") OR (body_lang.en: "goes") OR (body_lang.en: "commitment") OR (body_lang.en: "real") OR (body_lang.en: "heart") OR (body_lang.en: "adventure") OR (body_lang.en: "entry") OR (body_lang.en: "careers") OR (body_lang.en: "buddie") OR (body_lang.en: "person") OR (body_lang.en: "improve") OR (body_lang.en: "we're") OR (body_lang.en: "keep") OR (body_lang.en: "hawk") OR (body_lang.en: "who") OR (body_lang.en: "request") OR (body_lang.en: "jumping") OR (body_lang.en: "iconsupereagerplz:a") OR (body_lang.en: "snake") OR (body_lang.en: "cause") OR (body_lang.en: "best") OR (body_lang.en: "hero") OR (body_lang.en: "dreamt") OR (body_lang.en: "membership") OR (body_lang.en: "ready") OR (body_lang.en: "today") OR (body_lang.en: "physical") OR (body_lang.en: "make") OR (body_lang.en: "fight") OR (body_lang.en: "plays") OR (body_lang.en: "saw") OR (body_lang.en: "drawer") OR (body_lang.en: "follow") OR (body_lang.en: "hail") OR (body_lang.en: "really") OR (body_lang.en: "currently")