(body_lang.en: "removal") OR (body_lang.en: "stopword") OR (body_lang.en: "check") OR (body_lang.en: "example")