[
    {
        "content": "\n<head> <meta http-equiv=\"Content-Language\" content=\"en-gb\"> <meta http-equiv=\"Content-Type\" content=\"text/html; charset=windows-1252\"> <title>00000-NRT-RealEstate's Homepage Startup</title> <base href=\"http://www.homepagestartup.com\"> <meta name=\"keywords\" content=\"startup homepage\"> <meta name=\"description\" content=\"00000-NRT-RealEstate's Homepage Startup. Your ideal start-up homepage.\"> <style type=\"text/css\"> .rb { background-color:#FBFDFF; color:#A3A3A3;width:171px; height:128px; background-image: url('/img/rb.gif'); background-repeat: no-repeat;} .rbh { cursor:pointer; color:#750000; width:171px; height:128px; background-image: url('/img/rb.gif'); background-repeat: no-repeat; } body,font,a { font-family:arial; } form { margin-bottom:0px; } input.button { font: 14px arial,helvetica,sans-serif; \tfont-weight: bold; padding: 3px 7px; \t_padding: 3px;  } input.cancel { font: 14px arial,helvetica,sans-serif; font-weight: bold; \tpadding: 3px 7px; _padding: 3px; color:#666; } </style> <script language=\"javascript\" src=\"/user/a.js\"></script> </head> <body topmargin=\"0\" leftmargin=\"0\"> <div id=\"mainws\"> <div align=\"center\"> <div id=\"tp_div\" align=\"right\" style=\"position:absolute;width:100%;top:0px;left:0px;\"> <table cellpadding=\"2\" border=\"0\" style=\"border-collapse: collapse\"><tr><td> <a href=\"/\" style=\"font-size:10pt;color:#880000;\">go home</a></td></tr></table></div> <table border=\"0\" style=\"border-collapse: collapse\" cellspacing=\"2\" cellpadding=\"2\"> <tr> <td align=\"center\" height=\"40\"> <table border=\"0\" style=\"border-collapse: collapse;z-index:10;\" cellspacing=\"2\" cellpadding=\"2\"> <tr> <td height=\"25\"> <a style=\"text-decoration:none;\" href=\"http://00000-NRT-RealEstate.homepagestartup.com\"><font style=\"letter-spacing: -0.5px;font-family: arial; font-weight:bold;\" color=\"#750000\" size=\"4\">00000-NRT-RealEstate's</font></a> </td> <td><a href=\"http://00000-NRT-RealEstate.homepagestartup.com\"><img style=\"z-index:100;position:relative;\" border=\"0\" src=\"/img/logo.gif\"></a></td> </tr> </table> </td> </tr> <tr> <td align=\"center\"> <form name=\"pf\" action=\"/\" style=\"margin-bottom:0px;\"> <table border=\"1\" style=\"border-collapse: collapse\" id=\"tablesearch\" cellspacing=\"0\" bordercolor=\"#808080\" cellpadding=\"0\" bgcolor=\"#FFFFFF\"> <tr> <td> <table border=\"1\" style=\"border-collapse: collapse; background-image:url('img/bgshade.gif'); background-repeat:repeat-x\" width=\"100%\" cellpadding=\"0\" bordercolor=\"#FFFFFF\" cellspacing=\"0\"> <tr> <td> <table border=\"0\" style=\"border-collapse: collapse\" cellpadding=\"0\"> <tr> <td align=\"center\" width=\"25\"> <table cellpadding=\"0\" style=\"border-collapse: collapse\"><tr><td><a href=\"#\" title=\"Click to change Search Engine\" onclick=\"chs_shw();return false;\"><div style=\"position:absolute;width:16px;height:16px;padding-top:12px;text-align:right;\"><img src=\"img/ar.gif\" border=\"0\"></div></a><a href=\"#\" title=\"Click to change Search Engine\" onclick=\"chs_shw();return false;\"><img border=\"0\" src=\"/img/a.gif\" name=\"simg\" height=\"16\" width=\"16\"></a></td></tr></table></td> <td> <input type=\"text\" value=\"&lt; search here &gt;\" onblur=\"this.style.color='#5C5C5C';if(!this.value){this.value='< search here >';}\" onfocus=\"this.style.color='#000000';if(this.value=='< search here >'){this.value='';}this.select();\" name=\"q\" size=\"51\" style=\"border-width: 0px;padding-top:3px; font-size:10pt; font-weight:bold; height:22;color:#5C5C5C;background-color:transparent;\"></td> <td width=\"63\" align=\"center\"> <input type=\"submit\" style=\"width:60px;font:8pt verdana,arial;font-weight: bold;\" value=\"Search\"></td> </tr> </table> </td> </tr> </table> </td> </tr> </table> <input type=\"hidden\" name=\"s\" value=\"a\"></form> </td> </tr> <tr> <td height=\"10\"></td> </tr> <tr> <td align=\"center\"><div id=\"websitedisplay\"><table cellpadding=\"3\" cellspacing=\"3\"><tr><td><div style=\"width:171px; height:128px;\" id=\"wsm1\"><div id=\"ws1\"><table cellspacing=\"0\" cellpadding=\"0\"> <tr> <td class=\"rb\" align=\"center\" style=\"padding-top:7px;\" valign=\"top\"> <table border=\"0\" style=\"border-collapse: collapse\"> <tr> <td> <div onmouseover=\"this.style.borderColor='#000000'\" onmouseout=\"this.style.borderColor='#9F9F9F'\" style=\"overflow: hidden; width: 150px; height: 95px;border: 1px solid #9F9F9F\"> <a title=\"NRT LLC\" href=\"http://www.nrtinc.com\" onmouseup=\"setTimeout('NoMove=null',100);\" onclick=\"if(NoMove){return false;}\"> <img border=\"0\" src=\"http://www.iwebtool2.com/img/?r=http://www.homepagestartup.com/&domain=http://www.nrtinc.com\" style=\"position:relative;left:0px;top:0px;float:center;\" width=\"150\"></a></div> </td> </tr> <tr> <td align=\"center\"> <font style=\"font-size:8pt;font-weight:bold;padding-top:2px;display:block;color:#000000;\">NRT LLC</font></td> </tr> </table> </td> </tr> </table></div></div></td><td><div style=\"width:171px; height:128px;\" id=\"wsm2\"><div id=\"ws2\"><table cellspacing=\"0\" cellpadding=\"0\"> <tr> <td class=\"rb\" align=\"center\" style=\"padding-top:7px;\" valign=\"top\"> <table border=\"0\" style=\"border-collapse: collapse\"> <tr> <td> <div onmouseover=\"this.style.borderColor='#000000'\" onmouseout=\"this.style.borderColor='#9F9F9F'\" style=\"overflow: hidden; width: 150px; height: 95px;border: 1px solid #9F9F9F\"> <a title=\"Burgdorf.com\" href=\"http://www.burgdorff.com\" onmouseup=\"setTimeout('NoMove=null',100);\" onclick=\"if(NoMove){return false;}\"> <img border=\"0\" src=\"http://www.iwebtool2.com/img/?r=http://www.homepagestartup.com/&domain=http://www.burgdorff.com\" style=\"position:relative;left:0px;top:0px;float:center;\" width=\"150\"></a></div> </td> </tr> <tr> <td align=\"center\"> <font style=\"font-size:8pt;font-weight:bold;padding-top:2px;display:block;color:#000000;\">Burgdorf.com</font></td> </tr> </table> </td> </tr> </table></div></div></td><td><div style=\"width:171px; height:128px;\" id=\"wsm3\"><div id=\"ws3\"><table border=\"0\" style=\"border-collapse: collapse\" width=\"171\" height=\"128\" cellpadding=\"0\"> <tr> <td> <table width=\"100%\" height=\"100%\" cellspacing=\"0\" cellpadding=\"0\"><tr><td class=\"rb\" align=\"center\"> <font size=\"7\"> 3</font><font size=\"4\"><br> </font><b><font size=\"2\">No Website Set</font></b></td></tr></table> </td></tr></table></div></div></td><td><div style=\"width:171px; height:128px;\" id=\"wsm4\"><div id=\"ws4\"><table cellspacing=\"0\" cellpadding=\"0\"> <tr> <td class=\"rb\" align=\"center\" style=\"padding-top:7px;\" valign=\"top\"> <table border=\"0\" style=\"border-collapse: collapse\"> <tr> <td> <div onmouseover=\"this.style.borderColor='#000000'\" onmouseout=\"this.style.borderColor='#9F9F9F'\" style=\"overflow: hidden; width: 150px; height: 95px;border: 1px solid #9F9F9F\"> <a title=\"Coldwell Banker Burnet\" href=\"http://www.cbburnet.com\" onmouseup=\"setTimeout('NoMove=null',100);\" onclick=\"if(NoMove){return false;}\"> <img border=\"0\" src=\"http://www.iwebtool2.com/img/?r=http://www.homepagestartup.com/&domain=http://www.cbburnet.com\" style=\"position:relative;left:0px;top:0px;float:center;\" width=\"150\"></a></div> </td> </tr> <tr> <td align=\"center\"> <font style=\"font-size:8pt;font-weight:bold;padding-top:2px;display:block;color:#000000;\">Coldwell Banker Burnet</font></td> </tr> </table> </td> </tr> </table></div></div></td></tr><tr><td><div style=\"width:171px; height:128px;\" id=\"wsm5\"><div id=\"ws5\"><table cellspacing=\"0\" cellpadding=\"0\"> <tr> <td class=\"rb\" align=\"center\" style=\"padding-top:7px;\" valign=\"top\"> <table border=\"0\" style=\"border-collapse: collapse\"> <tr> <td> <div onmouseover=\"this.style.borderColor='#000000'\" onmouseout=\"this.style.borderColor='#9F9F9F'\" style=\"overflow: hidden; width: 150px; height: 95px;border: 1px solid #9F9F9F\"> <a title=\"CBDFW.com\" href=\"http://www.cbdfw.com\" onmouseup=\"setTimeout('NoMove=null',100);\" onclick=\"if(NoMove){return false;}\"> <img border=\"0\" src=\"http://www.iwebtool2.com/img/?r=http://www.homepagestartup.com/&domain=http://www.cbdfw.com\" style=\"position:relative;left:0px;top:0px;float:center;\" width=\"150\"></a></div> </td> </tr> <tr> <td align=\"center\"> <font style=\"font-size:8pt;font-weight:bold;padding-top:2px;display:block;color:#000000;\">CBDFW.com</font></td> </tr> </table> </td> </tr> </table></div></div></td><td><div style=\"width:171px; height:128px;\" id=\"wsm6\"><div id=\"ws6\"><table cellspacing=\"0\" cellpadding=\"0\"> <tr> <td class=\"rb\" align=\"center\" style=\"padding-top:7px;\" valign=\"top\"> <table border=\"0\" style=\"border-collapse: collapse\"> <tr> <td> <div onmouseover=\"this.style.borderColor='#000000'\" onmouseout=\"this.style.borderColor='#9F9F9F'\" style=\"overflow: hidden; width: 150px; height: 95px;border: 1px solid #9F9F9F\"> <a title=\"CBMove.com\" href=\"http://www.cbmove.com\" onmouseup=\"setTimeout('NoMove=null',100);\" onclick=\"if(NoMove){return false;}\"> <img border=\"0\" src=\"http://www.iwebtool2.com/img/?r=http://www.homepagestartup.com/&domain=http://www.cbmove.com\" style=\"position:relative;left:0px;top:0px;float:center;\" width=\"150\"></a></div> </td> </tr> <tr> <td align=\"center\"> <font style=\"font-size:8pt;font-weight:bold;padding-top:2px;display:block;color:#000000;\">CBMove.com</font></td> </tr> </table> </td> </tr> </table></div></div></td><td><div style=\"width:171px; height:128px;\" id=\"wsm7\"><div id=\"ws7\"><table border=\"0\" style=\"border-collapse: collapse\" width=\"171\" height=\"128\" cellpadding=\"0\"> <tr> <td> <table width=\"100%\" height=\"100%\" cellspacing=\"0\" cellpadding=\"0\"><tr><td class=\"rb\" align=\"center\"> <font size=\"7\"> 7</font><font size=\"4\"><br> </font><b><font size=\"2\">No Website Set</font></b></td></tr></table> </td></tr></table></div></div></td><td><div style=\"width:171px; height:128px;\" id=\"wsm8\"><div id=\"ws8\"><table cellspacing=\"0\" cellpadding=\"0\"> <tr> <td class=\"rb\" align=\"center\" style=\"padding-top:7px;\" valign=\"top\"> <table border=\"0\" style=\"border-collapse: collapse\"> <tr> <td> <div onmouseover=\"this.style.borderColor='#000000'\" onmouseout=\"this.style.borderColor='#9F9F9F'\" style=\"overflow: hidden; width: 150px; height: 95px;border: 1px solid #9F9F9F\"> <a title=\"CBSuccess.com\" href=\"http://www.cbsuccess.com\" onmouseup=\"setTimeout('NoMove=null',100);\" onclick=\"if(NoMove){return false;}\"> <img border=\"0\" src=\"http://www.iwebtool2.com/img/?r=http://www.homepagestartup.com/&domain=http://www.cbsuccess.com\" style=\"position:relative;left:0px;top:0px;float:center;\" width=\"150\"></a></div> </td> </tr> <tr> <td align=\"center\"> <font style=\"font-size:8pt;font-weight:bold;padding-top:2px;display:block;color:#000000;\">CBSuccess.com</font></td> </tr> </table> </td> </tr> </table></div></div></td></tr><tr><td><div style=\"width:171px; height:128px;\" id=\"wsm9\"><div id=\"ws9\"><table cellspacing=\"0\" cellpadding=\"0\"> <tr> <td class=\"rb\" align=\"center\" style=\"padding-top:7px;\" valign=\"top\"> <table border=\"0\" style=\"border-collapse: collapse\"> <tr> <td> <div onmouseover=\"this.style.borderColor='#000000'\" onmouseout=\"this.style.borderColor='#9F9F9F'\" style=\"overflow: hidden; width: 150px; height: 95px;border: 1px solid #9F9F9F\"> <a title=\"CBWS.com\" href=\"http://www.cbws.com\" onmouseup=\"setTimeout('NoMove=null',100);\" onclick=\"if(NoMove){return false;}\"> <img border=\"0\" src=\"http://www.iwebtool2.com/img/?r=http://www.homepagestartup.com/&domain=http://www.cbws.com\" style=\"position:relative;left:0px;top:0px;float:center;\" width=\"150\"></a></div> </td> </tr> <tr> <td align=\"center\"> <font style=\"font-size:8pt;font-weight:bold;padding-top:2px;display:block;color:#000000;\">CBWS.com</font></td> </tr> </table> </td> </tr> </table></div></div></td><td><div style=\"width:171px; height:128px;\" id=\"wsm10\"><div id=\"ws10\"><table border=\"0\" style=\"border-collapse: collapse\" width=\"171\" height=\"128\" cellpadding=\"0\"> <tr> <td> <table width=\"100%\" height=\"100%\" cellspacing=\"0\" cellpadding=\"0\"><tr><td class=\"rb\" align=\"center\"> <font size=\"7\"> 10</font><font size=\"4\"><br> </font><b><font size=\"2\">No Website Set</font></b></td></tr></table> </td></tr></table></div></div></td><td><div style=\"width:171px; height:128px;\" id=\"wsm11\"><div id=\"ws11\"><table border=\"0\" style=\"border-collapse: collapse\" width=\"171\" height=\"128\" cellpadding=\"0\"> <tr> <td> <table width=\"100%\" height=\"100%\" cellspacing=\"0\" cellpadding=\"0\"><tr><td class=\"rb\" align=\"center\"> <font size=\"7\"> 11</font><font size=\"4\"><br> </font><b><font size=\"2\">No Website Set</font></b></td></tr></table> </td></tr></table></div></div></td><td><div style=\"width:171px; height:128px;\" id=\"wsm12\"><div id=\"ws12\"><table border=\"0\" style=\"border-collapse: collapse\" width=\"171\" height=\"128\" cellpadding=\"0\"> <tr> <td> <table width=\"100%\" height=\"100%\" cellspacing=\"0\" cellpadding=\"0\"><tr><td class=\"rb\" align=\"center\"> <font size=\"7\"> 12</font><font size=\"4\"><br> </font><b><font size=\"2\">No Website Set</font></b></td></tr></table> </td></tr></table></div></div></td></tr><tr></tr></table></div></td> </tr> <tr> <td align=\"center\"> <table border=\"0\" style=\"border-collapse: collapse\" width=\"98%\" id=\"table1\"> <tr> <td> <b><font color=\"#484848\" size=\"2\">Welcome to 00000-NRT-RealEstate's Homepage</font></b></td> <td align=\"right\"> <span style=\"font-size: 8pt\"> <a style=\"color:#0000FF; font-family:arial\" href=\"what_is_homepagestartup.html\"> What is this?</a> | <a href=\"/\" style=\"color:#0000FF; font-family:arial\">Create Your Own Homepage</a></span></td> </tr> </table> </td> </tr> </table> </div> <div id=\"sbox\" style=\"display:none;position:absolute;top:0px;left:0px;\"> <table border=\"1\" style=\"border-collapse: collapse\" bordercolor=\"#A5ACB8\" cellpadding=\"0\" cellspacing=\"0\"> <tr> <td bgcolor=\"#48505B\" height=\"20\" width=\"130\"><font color=\"#FFFFFF\"><span style=\"font-size: 8pt; font-weight: 700\">&nbsp;Change My Search To:</span></font></td> </tr> <tr> <td bgcolor=\"#ffffff\" onclick=\"chs_clk('a');\" onmouseout=\"this.style.backgroundColor='#ffffff'\" onmouseover=\"this.style.backgroundColor='#FFFF95';this.style.cursor='pointer';\"><table cellpadding=\"2\"> <tr> <td><img border=\"0\" src=\"/img/a.gif\"></td> <td><font style=\"font-size: 8pt\">Google Search</font></td> </tr> </table> </td> </tr> <tr> <td bgcolor=\"#ffffff\" onclick=\"chs_clk('b');\" onmouseout=\"this.style.backgroundColor='#ffffff'\" onmouseover=\"this.style.backgroundColor='#FFFF95';this.style.cursor='pointer';\"><table cellpadding=\"2\"> <tr> <td><img border=\"0\" src=\"/img/b.gif\"></td> <td><font style=\"font-size: 8pt\">MSN Search</font></td> </tr> </table> </td> </tr> <tr> <td bgcolor=\"#ffffff\" onclick=\"chs_clk('c');\" onmouseout=\"this.style.backgroundColor='#ffffff'\" onmouseover=\"this.style.backgroundColor='#FFFF95';this.style.cursor='pointer';\"><table cellpadding=\"2\"> <tr> <td><img border=\"0\" src=\"/img/c.gif\"></td> <td><font style=\"font-size: 8pt\">Yahoo! Search</font></td> </tr> </table> </td> </tr> <tr> <td bgcolor=\"#ffffff\" onclick=\"chs_clk('d');\" onmouseout=\"this.style.backgroundColor='#ffffff'\" onmouseover=\"this.style.backgroundColor='#FFFF95';this.style.cursor='pointer';\"><table cellpadding=\"2\"> <tr> <td><img border=\"0\" src=\"/img/d.gif\"></td> <td><span style=\"font-size: 8pt\">Ask.com Search</span></td> </tr> </table> </td> </tr> <tr> <td bgcolor=\"#ffffff\" onclick=\"chs_clk('e');\" onmouseout=\"this.style.backgroundColor='#ffffff'\" onmouseover=\"this.style.backgroundColor='#FFFF95';this.style.cursor='pointer';\"><table cellpadding=\"2\"> <tr> <td><img border=\"0\" src=\"/img/e.gif\"></td> <td><span style=\"font-size: 8pt\">Wikipedia English</span></td> </tr> </table> </td> </tr> <tr> <td bgcolor=\"#ffffff\" onclick=\"chs_clk('f');\" onmouseout=\"this.style.backgroundColor='#ffffff'\" onmouseover=\"this.style.backgroundColor='#FFFF95';this.style.cursor='pointer';\"><table cellpadding=\"2\"> <tr> <td><img border=\"0\" src=\"/img/c.gif\"></td> <td><font style=\"font-size: 8pt\">Yahoo! Answers</font></td> </tr> </table> </td> </tr> <tr> <td bgcolor=\"#ffffff\" onclick=\"chs_clk('g');\" onmouseout=\"this.style.backgroundColor='#ffffff'\" onmouseover=\"this.style.backgroundColor='#FFFF95';this.style.cursor='pointer';\"><table cellpadding=\"2\"> <tr> <td><img border=\"0\" src=\"/img/g.gif\"></td> <td><span style=\"font-size: 8pt\">Answers.com</span></td> </tr> </table> </td> </tr> <tr> <td bgcolor=\"#ffffff\" onclick=\"chs_clk('h');\" onmouseout=\"this.style.backgroundColor='#ffffff'\" onmouseover=\"this.style.backgroundColor='#FFFF95';this.style.cursor='pointer';\"><table cellpadding=\"2\"> <tr> <td><img border=\"0\" src=\"/img/h.gif\"></td> <td><span style=\"font-size: 8pt\">YouTube Videos</span></td> </tr> </table> </td> </tr> </table></div> </div> </body> </html> \n",
        "docid": "clueweb09-en0000-00-00000"
    },
    {
        "content": "\n\n\n\n<!-- Site by Zaz Corporation, 1 - 8 8 8 - 2 - Z A Z C O R  http://www.zaz.com -->\n\n\n\n<html><head><meta http-equiv=\"Content-type\" content=\"text/html; charset=utf-8\"><title>Contact - 00perdomain.com</title><meta name=\"description\" content=\"Contact Zaz Corporation: call us, email us, or fax us.\"><meta name=\"keywords\" content=\"contact us, contact, email us, email, fax, message, zaz, zaz(tm), zaz&#153;, Zaz Corporation, Zaz Corp., Zaz Corp, Corporation, Dynamic, Business, Development, Solutions, ASP, Application Service Provider, Applications, Software, Services, Sales, e-commerce, ecommerce, commerce, Site, Internet, net, E-Mail, email, electronic mail, routing,Zaz,Zazoodles\"><meta name=\"author\" content=\"Zaz Corporation, www.zazoodles.com\"><meta name=\"robots\" content=\"ALL\"><meta name=\"revisit-after\" content=\"30 days\"><meta name=\"rating\" content=\"General\"><meta name=\"resource-type\" content=\"document\"><meta name=\"distribution\" content=\"Global\"><meta name=\"language\" content=\"en-us\"><meta name=\"content-language\" content=\"en-US\"><meta name=\"copyright\" content=\"1995-2004 Zaz Corporation\"><meta name=\"category\" content=\"Web Services, Web Solutions, Web Applications, Web Development, Home Page, Business and Economy, Companies, Internet Services, Web Page Designers, Web Site Development\"><link rel=\"stylesheet\" type=\"text/css\" href=\"/system/page/ss/page.css\"><link rel=\"stylesheet\" type=\"text/css\" href=\"/system/page/js/view/view.css\">\t\n<script type=\"text/javascript\" src=\"/system/page/js/view/view.js\"></script>\n</head><body background=/system/page/img/bg.gif bgcolor=#ffffff link=#0000cc vlink=#551a8b alink=#ff0000 marginheight=0 marginwidth=0 topmargin=0 leftmargin=0><a name=\"top\"><br></a>\n\n<table border=0 align=center><tr><td><table background=\"/system/page/img/bg/page/piece/1.gif\" width=770 height=86 border=0 cellpadding=0 cellspacing=0><tr><td height=20 valign=top colspan=5><table width=614 bgcolor=#eeeeee border=0 cellpadding=0 cellspacing=0><tr><td valign=top align=right><table border=0 cellpadding=0 cellspacing=0><tr><td nowrap><font color=#000099>&nbsp;<a href=/ class=lnt>Home</a>&nbsp;&nbsp;&nbsp;&nbsp;&nbsp;&nbsp;</font></td></tr></table></td></tr></table><table width=614 bgcolor=#ffffff border=0 cellpadding=0 cellspacing=0><tr><td valign=top align=right><table border=0 cellpadding=0 cellspacing=0><tr><td nowrap>&nbsp;&nbsp;&nbsp;&nbsp;</td></tr></table></td></tr></table></td></tr><tr><td width=30>&nbsp;</td><td valign=center colspan=4><table border=0 cellpadding=0 cellspacing=0 width=500><tr><td nowrap><font style=\"font-size: 20px\"><a href=../ style=\"color: black; text-decoration: none; font-size: 20px\">Contact</a></font></td><td width=50>&nbsp;&nbsp;&nbsp;</td><td align=right><table border=0 cellpadding=0 cellspacing=0><tr><td><font style=\"font-size: 12px\" color=#999999><div align=right><font style=\"font-size: 20px\"><img src=/site/zazdexcom/img/domain.gif width=91 height=12></font></div></font></td></tr></table></td></tr></table></td></tr></table>\n\n<table width=770 border=0 cellpadding=0 cellspacing=0><tr><td width=30 bgcolor=#ffffff><img src=/img/clear.gif width=30 height=1></td><td width=440 valign=top bgcolor=#ffffff><img src=\"/img/clear.gif\" width=440 height=1><br><br><table border=0>\n<tr>\n\t<td valign=top align=right>\n\t\t<b>Phone</b>&nbsp;&nbsp;&nbsp;&nbsp;\n\t</td>\n\n\t<td valign=top nowrap>\n\t\t<zaz Phone cols=40>\n\t\t1 - 8 8 8 - 2 - <font style=\"font-size: 13pt\">z a z</font> C O R P\n\t\t<br>\n\t\t1 - 8 8 8 - 2 9 2 - 9 2 6 7\n\t\t<br>\n\t\t<br>\n\t\t<br>\n\t\t<a href=\"/contact/sfo/\">San Francisco</a> &#149; <a href=\"/contact/nyc/\">New York City</a><!-- &#149; <a href=\"/contact/lon/\">London, UK</a>-->\n\t\t<br>\n\t\t<a href=\"/contact/den/\">Denver</a> &#149; <a href=\"/contact/sea/\">Seattle</a> &#149; <a href=\"/contact/phx/\">Phoenix</a> &#149; <a href=\"/contact/lax/\">Los Angeles</a>\n\t\t<br>\n\t\t<a href=\"/contact/bos/\">Boston</a> &#149; <a href=\"/contact/chi/\">Chicago</a> &#149; <a href=\"/contact/dc/\">Washington, DC</a>\n\t\t<br>\n\t\t<br>\n\t\t<a href=\"/contact/int/\">International</a> (outside the U.S.)\n\n\t\t</zaz>\n\t</td>\n</tr>\n<tr>\n\t<td colspan=3>\n\t\t<br>\n\t</td>\n</tr>\n<tr>\n\t<td valign=top align=right>\n\t\t<b><a href=/contact/info/ style=color:#000000>E-mail</a></b>&nbsp;&nbsp;&nbsp;&nbsp;\n\t</td>\n\n\t<td valign=top nowrap>\n\t\t<a href=\"/contact/info/\">General Inquiry</a>\n\t\t<br>\n\t\t<a href=\"/contact/sales/\">Sales Department</a>\n\t\t<br>\n\t\t<a href=\"/contact/hr/\">Employment / HR</a>\n\t</td>\n</tr>\n<tr>\n\t<td colspan=3>\n\t\t<br>\n\t</td>\n</tr>\n<tr>\n\t<td valign=top align=right>\n\t\t<b>Fax</b>&nbsp;&nbsp;&nbsp;&nbsp;\n\t</td>\n\n\t<td valign=top nowrap>\n\t\t1 - 9 2 5 - 9 0 5 - 0 4 5 7\n\t</td>\n</tr>\n\n<tr>\n\t<td colspan=3>\n\t\t<br>\n\t\t<br>\n\t\t<br>\n\t\t<br>\n\t</td>\n</tr>\n<tr>\n\t<td valign=top>\n\t\t&nbsp;\n\t</td>\n\n\t<td valign=top align=right>\n\t\t<form action=\"/contact/send_message/\" method=get>\n\t\t\t<input type=submit value=\"Send-a-Message\">\n\t\t</form>\n\n\t\t<br>\n\t\t<br>\n\n\t</td>\n</tr>\n</table> \n<table border=0 cellpadding=0 cellspacing=0 width=420><tr><td valign=top nowrap><font style=\"font-size: 9px; color: #9999cc\"></font></td><td width=20>&nbsp;</td><td valign=top></td></tr></table><br><br><br></td><td width=300 valign=top background=\"/system/page/img/bg/page/piece/3.gif\">\n\n<table background=/system/page/img/bg/page/piece/2.gif height=258 width=300 border=0 cellpadding=0 cellspacing=0><tr><td width=30>&nbsp;</td><td valign=top><table border=0 cellspacing=5 width=210><form name=START_FORM action=http://dynamic.zaz.com/start/submit.cfm method=post><input type=hidden name=VALIDATE_CODE value=enter/submit.cfm><tr><td colspan=2 height=56 valign=top align=center><img src=\"/system/page/img/logo.gif\"></td></tr><tr><td align=right><font style=\"font-size: 12\">E-Mail</font></td><td><input type=text name=\"i\" size=14 tabindex=1 value=\"\"></td></tr><tr><td align=right><font style=\"font-size: 12\">Password</font></td><td><input type=password name=p size=10 tabindex=2></td></tr><tr><td align=right>&nbsp;</td><td><input type=submit name=SUBMIT size=10 tabindex=3 value=\"Start\"></td></tr></form></table></td><td width=70>&nbsp;</td></tr><tr><td>&nbsp;</td><td valign=top></td><td>&nbsp;</td></tr></table><table border=0 cellpadding=0 cellspacing=0><tr><td width=144 align=right valign=top bgcolor=#ffffff><table border=0 cellpadding=0 cellspacing=0><tr><td>&nbsp;<br><br><br><font style=\"font-size: 9px; color: #9999cc; text-decoration:none\"></font></td><td width=16>&nbsp;</td></tr></table></td>  <td width=156 valign=top><br></td></tr></table></td></tr>\n\n<tr><td background=\"\" valign=top align=left colspan=3><table border=0 cellpadding=5 cellspacing=3 width=614><tr><td valign=top align=center bgcolor=#000077><font color=#ffffff face=\"Arial, Sans-Serif\" style=\"font-size: 11px\"><a href=/ style=\"font-size: 11px; color: ffffff; text-decoration: none\">Home</a>&nbsp;|&nbsp;<a href=/contact/ style=\"font-size: 11px; color: ffffff; text-decoration: none\">Contact</a>&nbsp;|&nbsp;<a href=/policies/privacy/ style=\"font-size: 11px; color: ffffff; text-decoration: none\">Policies</a></font></td></tr><tr><td align=center>\n<font color=#ffffff face=\"Arial, Sans-Serif\" style=\"font-size: 11px\"><a href=/contact/ style=\"font-size: 11px; color: ffffff; text-decoration: none\"></a>\nCopyright &#169; 1995-2008,\n<font style=\"font-size: 14px\">zaz</font> Corporation.\nAll rights reserved.\n<a href=/policies/privacy/ style=\"font-size: 11px; color: ffffff\">Privacy Policy</a><p><br><br></font></td></tr></table></td></tr></table></td></tr></table><br>\n\n<script src=\"http://www.google-analytics.com/urchin.js\" type=\"text/javascript\">\n</script>\n<script type=\"text/javascript\">\n_uacct = \"UA-488717-3\";\nurchinTracker();\n</script>\n\n</body></html>\n",
        "docid": "clueweb09-en0000-00-00010"
    },
    {
        "content": "\n\n\n\n<!-- Site by Zaz Corporation, 1 - 8 8 8 - 2 - Z A Z C O R  http://www.zazcorp.us -->\n\n\n\n<html><head><meta http-equiv=\"Content-type\" content=\"text/html; charset=utf-8\"><title>Vaktydskrifte - Nuus, Afrikaans - 00perdomain.com</title><meta name=\"description\" content=\"GOT ZAZ? -  Z a z o o d l e s  - Oodles and Oodles... Everything You're Looking For.  GET ZAZOODLES!  www.zazoodles.com\"><meta name=\"keywords\" content=\"Vaktydskrifte,Nuus,Afrikaans,World,Lexikos,00perdomain.com,Web,Directory,URL,URLs,Bookmarks,Associations,Relations,Lists,Listings,Zaz,Zazoodles,ZazDex,Oodles,Zaz,Zazoodles\"><meta name=\"author\" content=\"Zaz Corporation, www.zazcorp.us\"><meta name=\"robots\" content=\"ALL\"><meta name=\"revisit-after\" content=\"30 days\"><meta name=\"rating\" content=\"General\"><meta name=\"resource-type\" content=\"document\"><meta name=\"distribution\" content=\"Global\"><meta name=\"language\" content=\"en-us\"><meta name=\"content-language\" content=\"en-US\"><meta name=\"copyright\" content=\"1995-2004 Zaz Corporation\"><meta name=\"category\" content=\"world, afrikaans, nuus, vaktydskrifte\"><link rel=\"stylesheet\" type=\"text/css\" href=\"/system/directory/ss/page.css\"><link rel=\"stylesheet\" type=\"text/css\" href=\"/system/directory/js/view/view.css\">\t\n<script type=\"text/javascript\" src=\"/system/directory/js/view/view.js\"></script>\n</head><body background=/system/directory/img/bg.gif bgcolor=#ffffff link=#0000cc vlink=#551a8b alink=#ff0000 marginheight=0 marginwidth=0 topmargin=0 leftmargin=0><a name=\"top\"><br></a>\n\n<table border=0 align=center><tr><td><table background=\"/system/directory/img/bg/page/piece/1.gif\" width=770 height=86 border=0 cellpadding=0 cellspacing=0><tr><td height=20 valign=top colspan=5><table width=614 bgcolor=#eeeeee border=0 cellpadding=0 cellspacing=0><tr><td valign=top align=right><table border=0 cellpadding=0 cellspacing=0><tr><td nowrap><font color=#000099>&nbsp;<a href=\"/world/afrikaans/nuus/\" class=lnt>Nuus</a>,&nbsp; <a href=\"/world/afrikaans/\" class=lnt>Afrikaans</a>,&nbsp; <a href=\"/world/\" class=lnt>World</a>&nbsp; &ndash;&nbsp; <a href=/ class=lnt>Top</a>&nbsp;&nbsp;&nbsp;</font></td></tr></table></td></tr></table></td></tr><tr><td width=30>&nbsp;</td><td valign=center colspan=4><table border=0 cellpadding=0 cellspacing=0 width=500><tr><td nowrap><a href=../ class=t style=\"text-decoration: none\">Vaktydskrifte</a></font></td><td width=50>&nbsp;&nbsp;&nbsp;</td><td align=right><table border=0 cellpadding=0 cellspacing=0><tr><td><font style=\"font-size: 12px\" color=#999999><div align=right><a href=\"http://www.zaz.com/\"><font style=\"font-size: 20px\"><img src=/system/directory/img/domain.gif width=91 height=12 border=0></font></a></div></font></td></tr></table></td></tr></table></td></tr></table>\n\n<table width=770 border=0 cellpadding=0 cellspacing=0><tr><td width=30 bgcolor=#ffffff><img src=/img/clear.gif width=30 height=1></td><td width=440 valign=top bgcolor=#ffffff><img src=\"/img/clear.gif\" width=440 height=1><br><br><table border=0 cellpadding=0 cellspacing=0 width=420><tr><td valign=top nowrap><font style=\"font-size: 9px; color: #9999cc\"></font></td><td width=20>&nbsp;</td><td valign=top>\n<a href=http://www.sun.ac.za/wat/Afrikaanse%20Webwerf/Publikasies/lexikos.htm target=www.sun.ac.za><img src=/img/icon/world.gif width=16 height=15 border=0></a>&nbsp;<a href=javascript:ioSwitch('p1','http://www.sun.ac.za/wat/Afrikaanse%20Webwerf/Publikasies/lexikos.htm') title=go id=e1 class=collapsed rel=http://www.sun.ac.za/wat/Afrikaanse%20Webwerf/Publikasies/lexikos.htm>Lexikos</a><a href=http://www.sun.ac.za/wat/Afrikaanse%20Webwerf/Publikasies/lexikos.htm title=go id=l1 class=expanded target=www.sun.ac.za style=\"text-decoration: underline\">Lexikos</a><br><div name=item class=expanded id=p1>\n<table border=0 width=100%><tr><td bgcolor=#ffffee>\n<a href=http://www.sun.ac.za/wat/Afrikaanse%20Webwerf/Publikasies/lexikos.htm target=www.sun.ac.za><img src=http://open.thumbshots.org/image.pxf?url=http://www.sun.ac.za/wat/Afrikaanse%20Webwerf/Publikasies/lexikos.htm border=0 onload=\"if (this.width>50) this.border=1\" align=right></a>Leksikografie, uitgegee deur die WAT by die Universiteit Stellenbosch.  Argief van inhoudsopgawes en uitgesoekte artikels.\n\n<br></td></tr></table><div align=right><a href=http://www.sun.ac.za/wat/Afrikaanse%20Webwerf/Publikasies/lexikos.htm target=www.sun.ac.za><font class=llu>www.sun.ac.za&nbsp;&nbsp;</font></a></div></div></td></tr></table><br><br><br></td><td width=300 valign=top background=/system/directory/img/bg/page/piece/3.gif>\n\n<table background=/system/directory/img/bg/page/piece/2.gif height=258 width=300 border=0 cellpadding=0 cellspacing=0><tr><td width=30>&nbsp;</td><td valign=top><table border=0 cellspacing=5 width=210><form name=form action=/?showpage=/start/ method=post><input type=hidden name=form value=start><tr><td colspan=2 height=56 valign=top align=center><img src=/system/directory/img/logo.gif></td></tr><tr><td align=right><font style=font-size:12>E-Mail</font></td><td><input type=text name=i size=14 tabindex=1 value=\"\"></td></tr><tr><td align=right><font style=font-size:12>Password</font></td><td><input type=password name=p size=10 tabindex=2></td></tr><tr><td align=right>&nbsp;</td><td><input type=submit name=SUBMIT size=10 tabindex=3 value=Start></td></tr></form>  </table></td><td width=70>&nbsp;</td></tr><tr><td>&nbsp;</td><td valign=top><table border=0 width=114><tr><td valign=top align=right nowrap><img src=/img/clear.gif width=1 height=74 border=0><br><a href=# id=show class=expanded onclick=\"expandAll('item')\" title=\"Click to Expand details\" style=\"font-size: 9px; color: #3333cc; text-decoration:none\">E X P A N D&nbsp;&nbsp;&nbsp;&nbsp;&nbsp;&nbsp;</a><a href=# id=hide class=collapsed onclick=\"collapseAll('item')\" title=\"Click to Minimize details\" style=\"font-size: 10px; color: #3333cc; text-decoration:none\">m i n i m i z e&nbsp;&nbsp;&nbsp;&nbsp;&nbsp;&nbsp;</a></td></tr></table></td><td>&nbsp;</td></tr></table><table border=0 cellpadding=0 cellspacing=0><tr><td width=144 align=right valign=top bgcolor=#ffffff><table border=0 cellpadding=0 cellspacing=0><tr><td>&nbsp;<br><br><br><font style=\"font-size: 9px; color: #9999cc; text-decoration:none\"></font></td><td width=16>&nbsp;</td></tr></table></td>  <td width=156 valign=top></td></tr></table></td></tr>\n\n<tr><td background=\"\" valign=top align=left colspan=3><table border=0 cellpadding=5 cellspacing=3 width=614><tr><td valign=top align=center bgcolor=#000077><font color=#ffffff face=\"Arial, Sans-Serif\" style=\"font-size: 11px\"><a href=/ style=\"font-size: 11px; color: ffffff; text-decoration: none\">Home</a>&nbsp;|&nbsp;<a href=/contact/ style=\"font-size: 11px; color: ffffff; text-decoration: none\">Contact</a>&nbsp;|&nbsp;<a href=/policies/privacy/ style=\"font-size: 11px; color: ffffff; text-decoration: none\">Policies</a></font></td></tr><tr><td align=center>\n\n<table border=0 cellpadding=0 cellspacing=0 bgcolor=#000077 cellpadding=3 cellspacing=0><tr><td align=center valign=bottom width=98><a href=http://www.thumbshots.org target=thumbshots><img src=/system/directory/img/ts.png alt=\"Free thumbnail preview by Thumbshots.org\" width=88 height=31 border=0></a></td><td><table width=100% border=0 cellpadding=1 cellspacing=2><tr align=center><td><font face=\"sans-serif, Arial, Helvetica\" style=\"font-size: 10px\" color=#cccccc>&nbsp;Help build the largest human-edited directory on the web.&nbsp;</font></td></tr><tr bgcolor=#999999 align=center><td><font face=\"sans-serif, Arial, Helvetica\"> <a href=http://dmoz.org/cgi-bin/add.cgi?where=/world/afrikaans/nuus/vaktydskrifte/\" class=lu style=\"font-size: 9px\" target=dmoz>Submit a Site</a> - <a href=\"http://dmoz.org/about.html\" class=lu style=\"font-size: 11px; font-weight: bold\" target=dmoz><b>Open Directory Project</b></a> - <a href=\"http://dmoz.org/cgi-bin/apply.cgi?/world/afrikaans/nuus/vaktydskrifte/\" class=lu style=\"font-size: 9px\" target=dm>Become an Editor</a></font></td></tr></table></td></tr></table>\n\n<font color=#ffffff face=\"Arial, Sans-Serif\" style=\"font-size: 11px\"><a href=/contact/ style=\"font-size: 11px; color: ffffff; text-decoration: none\"></a>\nCopyright &#169;1995-2008,\n<font style=\"font-size: 14px\">zaz</font> Corporation.\nAll rights reserved.\n<a href=/policies/privacy/ style=\"font-size: 11px; color: ffffff\">Privacy Policy</a><p><br><br></font></td></tr></table></td></tr></table></td></tr></table><br>\n\n<script src=\"http://www.google-analytics.com/urchin.js\" type=\"text/javascript\">\n</script>\n<script type=\"text/javascript\">\n_uacct = \"UA-488717-2\";\nurchinTracker();\n</script>\n\n</body></html>\n",
        "docid": "clueweb09-en0000-00-00021"
    }
]
