[
  {
    "id": "clueweb09-en0000-00-00000",
    "content": "00000-NRT-RealEstate\u0027s Homepage Startup go home 00000-NRT-RealEstate\u0027s NRT LLC Burgdorf.com 3 No Website Set Coldwell Banker Burnet CBDFW.com CBMove.com 7 No Website Set CBSuccess.com CBWS.com 10 No Website Set 11 No Website Set 12 No Website Set Welcome to 00000-NRT-RealEstate\u0027s Homepage What is this? | Create Your Own Homepage  Change My Search To: Google Search MSN Search Yahoo! Search Ask.com Search Wikipedia English Yahoo! Answers Answers.com YouTube Videos"
  },
  {
    "id": "clueweb09-en0000-00-00010",
    "content": "Contact - 00perdomain.com  Home              Contact     Phone     1 - 8 8 8 - 2 - z a z C O R P 1 - 8 8 8 - 2 9 2 - 9 2 6 7 San Francisco  New York City Denver  Seattle  Phoenix  Los Angeles Boston  Chicago  Washington, DC International (outside the U.S.) E-mail     General Inquiry Sales Department Employment / HR Fax     1 - 9 2 5 - 9 0 5 - 0 4 5 7       E-Mail Password             Home | Contact | Policies Copyright © 1995-2008, zaz Corporation. All rights reserved. Privacy Policy"
  },
  {
    "id": "clueweb09-en0000-00-00021",
    "content": "Vaktydskrifte - Nuus, Afrikaans - 00perdomain.com  Nuus,  Afrikaans,  World  –  Top      Vaktydskrifte        LexikosLexikos Leksikografie, uitgegee deur die WAT by die Universiteit Stellenbosch. Argief van inhoudsopgawes en uitgesoekte artikels. www.sun.ac.za     E-Mail Password       E X P A N D      m i n i m i z e             Home | Contact | Policies  Help build the largest human-edited directory on the web.  Submit a Site - Open Directory Project - Become an Editor Copyright ©1995-2008, zaz Corporation. All rights reserved. Privacy Policy"
  }
]